
Memory Configuration

Name             Origin             Length             Attributes
*default*        0x00000000         0xffffffff

Linker script and memory map

LOAD build/jtag.o
LOAD build/main.o
LOAD uart.o
LOAD gpio.o

.init           0x00008000        0x4
 *(.init)
 .init          0x00008000        0x4 build/main.o
                0x00008000                _start

.data           0x00009080      0x270
 *(.data)
 .data          0x00009080        0x0 build/jtag.o
 .data          0x00009080      0x270 build/main.o
 .data          0x000092f0        0x0 uart.o
 .data          0x000092f0        0x0 gpio.o
 *.c.o(*)

.igot.plt       0x000092f0        0x0
 .igot.plt      0x00000000        0x0 build/jtag.o

.text           0x000092f0     0xb89c
 *.c.o(.text)
 *(.text)
 .text          0x000092f0       0x8c build/jtag.o
                0x000092f0                EnableJTAG
 *fill*         0x0000937c        0x4 3f3f3f3f
 .text          0x00009380     0xb580 build/main.o
                0x000099d8                MailboxWrite
                0x00009a08                MailboxRead
 .text          0x00014900      0x1b4 uart.o
                0x00014900                InitUART
                0x000149c0                PutCharUART
                0x000149dc                GetCharUART
                0x000149f8                WriteStringUART
                0x00014a24                ReadLineUART
 .text          0x00014ab4       0xd8 gpio.o
                0x00014ab4                GetGpioAddress
                0x00014abc                SetGpioFunction
                0x00014b08                SetGpio
                0x00014b44                GetGpio
OUTPUT(build/output.elf elf32-littlearm)

.glue_7         0x00014b8c        0x0
 .glue_7        0x00000000        0x0 linker stubs

.glue_7t        0x00014b8c        0x0
 .glue_7t       0x00000000        0x0 linker stubs

.vfp11_veneer   0x00014b8c        0x0
 .vfp11_veneer  0x00000000        0x0 linker stubs

.v4_bx          0x00014b8c        0x0
 .v4_bx         0x00000000        0x0 linker stubs

.iplt           0x00014b8c        0x0
 .iplt          0x00000000        0x0 build/jtag.o

.rel.dyn        0x00014b8c        0x0
 .rel.iplt      0x00000000        0x0 build/jtag.o

.bss            0x00014b8c        0x0
 .bss           0x00014b8c        0x0 build/jtag.o
 .bss           0x00014b8c        0x0 build/main.o
 .bss           0x00014b8c        0x0 uart.o
 .bss           0x00014b8c        0x0 gpio.o

.ARM.attributes
                0x00000000       0x26
 .ARM.attributes
                0x00000000       0x26 build/jtag.o
 .ARM.attributes
                0x00000026       0x26 build/main.o
 .ARM.attributes
                0x0000004c       0x26 uart.o
 .ARM.attributes
                0x00000072       0x26 gpio.o

.debug_line     0x00000000      0x8c5
 .debug_line    0x00000000       0x61 build/jtag.o
 .debug_line    0x00000061      0x735 build/main.o
 .debug_line    0x00000796       0xb6 uart.o
 .debug_line    0x0000084c       0x79 gpio.o

.debug_info     0x00000000      0x17e
 .debug_info    0x00000000       0x5e build/jtag.o
 .debug_info    0x0000005e       0x5a build/main.o
 .debug_info    0x000000b8       0x63 uart.o
 .debug_info    0x0000011b       0x63 gpio.o

.debug_abbrev   0x00000000       0x4e
 .debug_abbrev  0x00000000       0x14 build/jtag.o
 .debug_abbrev  0x00000014       0x12 build/main.o
 .debug_abbrev  0x00000026       0x14 uart.o
 .debug_abbrev  0x0000003a       0x14 gpio.o

.debug_aranges  0x00000000       0x90
 .debug_aranges
                0x00000000       0x20 build/jtag.o
 .debug_aranges
                0x00000020       0x30 build/main.o
 .debug_aranges
                0x00000050       0x20 uart.o
 .debug_aranges
                0x00000070       0x20 gpio.o

.debug_ranges   0x00000000       0x28
 .debug_ranges  0x00000000       0x28 build/main.o
